Meshplay resetting...

Current Context: local
Channel: stable
Version: latest
Platform: kubernetes

Fetching Meshplay Server and Meshplay Operator manifests for  local context...
downloading manifest files from https://github.com/khulnasoft/meshplay/tree/v0.6.147/install/deployment_yamls/k8s
...meshconfig has been reset to default settings.
